#-----------------------------------------------------------
# Vivado v2025.2 (64-bit)
# SW Build 6299465 on Fri Nov 14 19:35:11 GMT 2025
# IP Build 6300035 on Fri Nov 14 10:48:45 MST 2025
# SharedData Build 6298862 on Thu Nov 13 04:50:51 MST 2025
# Start of session at: Mon Mar 16 19:48:58 2026
# Process ID         : 12940
# Current directory  : D:/Documents/SEM 2/HWLAB_TA/FULL_PIPELINE/FULL_PIPELINE.runs/impl_1
# Command line       : vivado.exe -log top_fpga.vdi -applog -product Vivado -messageDb vivado.pb -mode batch -source top_fpga.tcl -notrace
# Log file           : D:/Documents/SEM 2/HWLAB_TA/FULL_PIPELINE/FULL_PIPELINE.runs/impl_1/top_fpga.vdi
# Journal file       : D:/Documents/SEM 2/HWLAB_TA/FULL_PIPELINE/FULL_PIPELINE.runs/impl_1\vivado.jou
# Running On         : DESKTOP-9LLI76O
# Platform           : Windows Server 2016 or Windows 10
# Operating System   : 26100
# Processor Detail   : Intel(R) Core(TM) i5-10210U CPU @ 1.60GHz
# CPU Frequency      : 2112 MHz
# CPU Physical cores : 4
# CPU Logical cores  : 8
# Host memory        : 16957 MB
# Swap memory        : 6198 MB
# Total Virtual      : 23156 MB
# Available Virtual  : 9132 MB
#-----------------------------------------------------------
source top_fpga.tcl -notrace
