
*** Running vivado
    with args -log top_module.vds -m64 -product Vivado -mode batch -messageDb vivado.pb -notrace -source top_module.tcl



****** Vivado v2025.2 (64-bit)
  **** SW Build 6299465 on Fri Nov 14 19:35:11 GMT 2025
  **** IP Build 6300035 on Fri Nov 14 10:48:45 MST 2025
  **** SharedData Build 6298862 on Thu Nov 13 04:50:51 MST 2025
  **** Start of session at: Fri Feb  6 16:56:47 2026
    ** Copyright 1986-2022 Xilinx, Inc. All Rights Reserved.
    ** Copyright 2022-2025 Advanced Micro Devices, Inc. All Rights Reserved.

source top_module.tcl -notrace
create_project: Time (s): cpu = 00:00:11 ; elapsed = 00:00:08 . Memory (MB): peak = 528.566 ; gain = 223.242
Command: read_checkpoint -auto_incremental -incremental {D:/Documents/SEM 2/HWLAB_TA/EX_Pipeline_stage/EX_Pipeline_stage.srcs/utils_1/imports/synth_1/top_module.dcp}
INFO: [Vivado 12-5825] Read reference checkpoint from D:/Documents/SEM 2/HWLAB_TA/EX_Pipeline_stage/EX_Pipeline_stage.srcs/utils_1/imports/synth_1/top_module.dcp for incremental synthesis
INFO: [Vivado 12-7989] Please ensure there are no constraint changes
Command: synth_design -top top_module -part xc7a100tcsg324-1
Starting synth_design
Attempting to get a license for feature 'Synthesis' and/or device 'xc7a100t'
INFO: [Common 17-349] Got license for feature 'Synthesis' and/or device 'xc7a100t'
INFO: [Device 21-403] Loading part xc7a100tcsg324-1
INFO: [Designutils 20-5440] No compile time benefit to using incremental synthesis; A full resynthesis will be run
INFO: [Designutils 20-4379] Flow is switching to default flow due to incremental criteria not met. If you would like to alter this behaviour and have the flow terminate instead, please set the following parameter config_implementation {autoIncr.Synth.RejectBehavior Terminate}
INFO: [Synth 8-7079] Multithreading enabled for synth_design using a maximum of 2 processes.
INFO: [Synth 8-7078] Launching helper process for spawning children vivado processes
INFO: [Synth 8-7075] Helper process launched with PID 20376
---------------------------------------------------------------------------------
Starting RTL Elaboration : Time (s): cpu = 00:00:07 ; elapsed = 00:00:07 . Memory (MB): peak = 1280.477 ; gain = 543.117
---------------------------------------------------------------------------------
INFO: [Synth 8-11241] undeclared symbol 'reg_rdata1', assumed default net type 'wire' [D:/Documents/SEM 2/HWLAB_TA/EX_Pipeline_stage/top_fpga_ex.v:104]
INFO: [Synth 8-11241] undeclared symbol 'reg_rdata2', assumed default net type 'wire' [D:/Documents/SEM 2/HWLAB_TA/EX_Pipeline_stage/top_fpga_ex.v:105]
INFO: [Synth 8-11241] undeclared symbol 'fetch_pc', assumed default net type 'wire' [D:/Documents/SEM 2/HWLAB_TA/EX_Pipeline_stage/top_fpga_ex.v:108]
INFO: [Synth 8-11241] undeclared symbol 'arithsubtype', assumed default net type 'wire' [D:/Documents/SEM 2/HWLAB_TA/EX_Pipeline_stage/top_fpga_ex.v:117]
INFO: [Synth 8-11241] undeclared symbol 'stall_read', assumed default net type 'wire' [D:/Documents/SEM 2/HWLAB_TA/EX_Pipeline_stage/top_fpga_ex.v:119]
INFO: [Synth 8-11241] undeclared symbol 'dmem_raddr', assumed default net type 'wire' [D:/Documents/SEM 2/HWLAB_TA/EX_Pipeline_stage/top_fpga_ex.v:123]
INFO: [Synth 8-11241] undeclared symbol 'wb_branch_i', assumed default net type 'wire' [D:/Documents/SEM 2/HWLAB_TA/EX_Pipeline_stage/top_fpga_ex.v:125]
INFO: [Synth 8-11241] undeclared symbol 'wb_branch_nxt_i', assumed default net type 'wire' [D:/Documents/SEM 2/HWLAB_TA/EX_Pipeline_stage/top_fpga_ex.v:126]
INFO: [Synth 8-6157] synthesizing module 'top_module' [D:/Documents/SEM 2/HWLAB_TA/EX_Pipeline_stage/top_fpga_ex.v:2]
INFO: [Synth 8-3876] $readmem data file 'input_ex_b.mem' is read successfully [D:/Documents/SEM 2/HWLAB_TA/EX_Pipeline_stage/top_fpga_ex.v:15]
INFO: [Synth 8-6157] synthesizing module 'clock_divider' [D:/Documents/SEM 2/HWLAB_TA/EX_Pipeline_stage/top_fpga_ex.v:152]
	Parameter DIVISOR bound to: 100000000 - type: integer 
INFO: [Synth 8-6155] done synthesizing module 'clock_divider' (0#1) [D:/Documents/SEM 2/HWLAB_TA/EX_Pipeline_stage/top_fpga_ex.v:152]
INFO: [Synth 8-6157] synthesizing module 'execute' [D:/Documents/SEM 2/HWLAB_TA/EX_Pipeline_stage/execute.v:6]
INFO: [Synth 8-226] default block is never used [D:/Documents/SEM 2/HWLAB_TA/EX_Pipeline_stage/execute.v:194]
INFO: [Synth 8-6157] synthesizing module 'ex_mem_wb_reg' [D:/Documents/SEM 2/HWLAB_TA/EX_Pipeline_stage/execute.v:251]
INFO: [Synth 8-6155] done synthesizing module 'ex_mem_wb_reg' (0#1) [D:/Documents/SEM 2/HWLAB_TA/EX_Pipeline_stage/execute.v:251]
INFO: [Synth 8-6155] done synthesizing module 'execute' (0#1) [D:/Documents/SEM 2/HWLAB_TA/EX_Pipeline_stage/execute.v:6]
WARNING: [Synth 8-689] width (1) of port connection 'reg_rdata1' does not match port width (32) of module 'execute' [D:/Documents/SEM 2/HWLAB_TA/EX_Pipeline_stage/top_fpga_ex.v:104]
WARNING: [Synth 8-689] width (1) of port connection 'reg_rdata2' does not match port width (32) of module 'execute' [D:/Documents/SEM 2/HWLAB_TA/EX_Pipeline_stage/top_fpga_ex.v:105]
WARNING: [Synth 8-689] width (1) of port connection 'fetch_pc' does not match port width (32) of module 'execute' [D:/Documents/SEM 2/HWLAB_TA/EX_Pipeline_stage/top_fpga_ex.v:108]
WARNING: [Synth 8-689] width (1) of port connection 'dmem_raddr' does not match port width (2) of module 'execute' [D:/Documents/SEM 2/HWLAB_TA/EX_Pipeline_stage/top_fpga_ex.v:123]
INFO: [Synth 8-6155] done synthesizing module 'top_module' (0#1) [D:/Documents/SEM 2/HWLAB_TA/EX_Pipeline_stage/top_fpga_ex.v:2]
WARNING: [Synth 8-3848] Net reg_rdata1 in module/entity top_module does not have driver. [D:/Documents/SEM 2/HWLAB_TA/EX_Pipeline_stage/top_fpga_ex.v:104]
WARNING: [Synth 8-3848] Net reg_rdata2 in module/entity top_module does not have driver. [D:/Documents/SEM 2/HWLAB_TA/EX_Pipeline_stage/top_fpga_ex.v:105]
WARNING: [Synth 8-3848] Net fetch_pc in module/entity top_module does not have driver. [D:/Documents/SEM 2/HWLAB_TA/EX_Pipeline_stage/top_fpga_ex.v:108]
WARNING: [Synth 8-3848] Net arithsubtype in module/entity top_module does not have driver. [D:/Documents/SEM 2/HWLAB_TA/EX_Pipeline_stage/top_fpga_ex.v:117]
WARNING: [Synth 8-3848] Net stall_read in module/entity top_module does not have driver. [D:/Documents/SEM 2/HWLAB_TA/EX_Pipeline_stage/top_fpga_ex.v:119]
WARNING: [Synth 8-3848] Net dmem_raddr in module/entity top_module does not have driver. [D:/Documents/SEM 2/HWLAB_TA/EX_Pipeline_stage/top_fpga_ex.v:123]
WARNING: [Synth 8-3848] Net wb_branch_i in module/entity top_module does not have driver. [D:/Documents/SEM 2/HWLAB_TA/EX_Pipeline_stage/top_fpga_ex.v:125]
WARNING: [Synth 8-3848] Net wb_branch_nxt_i in module/entity top_module does not have driver. [D:/Documents/SEM 2/HWLAB_TA/EX_Pipeline_stage/top_fpga_ex.v:126]
WARNING: [Synth 8-3917] design top_module has port led[15] driven by constant 0
WARNING: [Synth 8-3917] design top_module has port led[14] driven by constant 0
WARNING: [Synth 8-3917] design top_module has port led[13] driven by constant 0
WARNING: [Synth 8-3917] design top_module has port led[12] driven by constant 0
WARNING: [Synth 8-3917] design top_module has port led[11] driven by constant 0
WARNING: [Synth 8-3917] design top_module has port led[10] driven by constant 0
WARNING: [Synth 8-3917] design top_module has port led[9] driven by constant 0
WARNING: [Synth 8-3917] design top_module has port led[8] driven by constant 0
WARNING: [Synth 8-3917] design top_module has port led[7] driven by constant 0
WARNING: [Synth 8-3917] design top_module has port led[6] driven by constant 0
WARNING: [Synth 8-3917] design top_module has port led[5] driven by constant 0
---------------------------------------------------------------------------------
Finished RTL Elaboration : Time (s): cpu = 00:00:10 ; elapsed = 00:00:10 . Memory (MB): peak = 1399.516 ; gain = 662.156
---------------------------------------------------------------------------------
---------------------------------------------------------------------------------
Start Handling Custom Attributes
---------------------------------------------------------------------------------
---------------------------------------------------------------------------------
Finished Handling Custom Attributes : Time (s): cpu = 00:00:10 ; elapsed = 00:00:10 . Memory (MB): peak = 1399.516 ; gain = 662.156
---------------------------------------------------------------------------------
---------------------------------------------------------------------------------
Finished RTL Optimization Phase 1 : Time (s): cpu = 00:00:10 ; elapsed = 00:00:10 . Memory (MB): peak = 1399.516 ; gain = 662.156
---------------------------------------------------------------------------------
Netlist sorting complete. Time (s): cpu = 00:00:00 ; elapsed = 00:00:00.015 . Memory (MB): peak = 1399.516 ; gain = 0.000
INFO: [Project 1-570] Preparing netlist for logic optimization

Processing XDC Constraints
Initializing timing engine
Parsing XDC File [D:/Documents/SEM 2/HWLAB_TA/EX_Pipeline_stage/led.xdc]
Finished Parsing XDC File [D:/Documents/SEM 2/HWLAB_TA/EX_Pipeline_stage/led.xdc]
INFO: [Project 1-236] Implementation specific constraints were found while reading constraint file [D:/Documents/SEM 2/HWLAB_TA/EX_Pipeline_stage/led.xdc]. These constraints will be ignored for synthesis but will be used in implementation. Impacted constraints are listed in the file [.Xil/top_module_propImpl.xdc].
Resolution: To avoid this warning, move constraints listed in [.Xil/top_module_propImpl.xdc] to another XDC file and exclude this new file from synthesis with the used_in_synthesis property (File Properties dialog in GUI) and re-run elaboration/synthesis.
Completed Processing XDC Constraints

Netlist sorting complete. Time (s): cpu = 00:00:00 ; elapsed = 00:00:00.001 . Memory (MB): peak = 1470.676 ; gain = 0.000
INFO: [Project 1-111] Unisim Transformation Summary:
No Unisim elements were transformed.

Constraint Validation Runtime : Time (s): cpu = 00:00:00 ; elapsed = 00:00:00.005 . Memory (MB): peak = 1470.676 ; gain = 0.000
INFO: [Designutils 20-5440] No compile time benefit to using incremental synthesis; A full resynthesis will be run
INFO: [Designutils 20-4379] Flow is switching to default flow due to incremental criteria not met. If you would like to alter this behaviour and have the flow terminate instead, please set the following parameter config_implementation {autoIncr.Synth.RejectBehavior Terminate}
---------------------------------------------------------------------------------
Finished Constraint Validation : Time (s): cpu = 00:00:20 ; elapsed = 00:00:21 . Memory (MB): peak = 1470.676 ; gain = 733.316
---------------------------------------------------------------------------------
---------------------------------------------------------------------------------
Start Loading Part and Timing Information
---------------------------------------------------------------------------------
Loading part: xc7a100tcsg324-1
---------------------------------------------------------------------------------
Finished Loading Part and Timing Information : Time (s): cpu = 00:00:20 ; elapsed = 00:00:21 . Memory (MB): peak = 1470.676 ; gain = 733.316
---------------------------------------------------------------------------------
---------------------------------------------------------------------------------
Start Applying 'set_property' XDC Constraints
---------------------------------------------------------------------------------
---------------------------------------------------------------------------------
Finished applying 'set_property' XDC Constraints : Time (s): cpu = 00:00:20 ; elapsed = 00:00:21 . Memory (MB): peak = 1470.676 ; gain = 733.316
---------------------------------------------------------------------------------
---------------------------------------------------------------------------------
Finished RTL Optimization Phase 2 : Time (s): cpu = 00:00:21 ; elapsed = 00:00:22 . Memory (MB): peak = 1470.676 ; gain = 733.316
---------------------------------------------------------------------------------
---------------------------------------------------------------------------------
Start RTL Component Statistics 
---------------------------------------------------------------------------------
Detailed RTL Component Info : 
+---Adders : 
	   3 Input   33 Bit       Adders := 2     
	   2 Input   32 Bit       Adders := 4     
	   3 Input   32 Bit       Adders := 1     
	   2 Input   27 Bit       Adders := 1     
	   2 Input    8 Bit       Adders := 1     
+---XORs : 
	   2 Input     32 Bit         XORs := 1     
+---Registers : 
	               32 Bit    Registers := 1     
	               27 Bit    Registers := 1     
	                8 Bit    Registers := 1     
	                5 Bit    Registers := 1     
	                3 Bit    Registers := 1     
	                2 Bit    Registers := 1     
	                1 Bit    Registers := 6     
+---Muxes : 
	   2 Input   32 Bit        Muxes := 7     
	   5 Input   32 Bit        Muxes := 1     
	   4 Input    1 Bit        Muxes := 1     
---------------------------------------------------------------------------------
Finished RTL Component Statistics 
---------------------------------------------------------------------------------
---------------------------------------------------------------------------------
Start Part Resource Summary
---------------------------------------------------------------------------------
Part Resources:
DSPs: 240 (col length:80)
BRAMs: 270 (col length: RAMB18 80 RAMB36 40)
---------------------------------------------------------------------------------
Finished Part Resource Summary
---------------------------------------------------------------------------------
---------------------------------------------------------------------------------
Start Cross Boundary and Area Optimization
---------------------------------------------------------------------------------
WARNING: [Synth 8-3917] design top_module has port led[15] driven by constant 0
WARNING: [Synth 8-3917] design top_module has port led[14] driven by constant 0
WARNING: [Synth 8-3917] design top_module has port led[13] driven by constant 0
WARNING: [Synth 8-3917] design top_module has port led[12] driven by constant 0
WARNING: [Synth 8-3917] design top_module has port led[11] driven by constant 0
WARNING: [Synth 8-3917] design top_module has port led[10] driven by constant 0
WARNING: [Synth 8-3917] design top_module has port led[9] driven by constant 0
WARNING: [Synth 8-3917] design top_module has port led[8] driven by constant 0
WARNING: [Synth 8-3917] design top_module has port led[7] driven by constant 0
WARNING: [Synth 8-3917] design top_module has port led[6] driven by constant 0
WARNING: [Synth 8-3917] design top_module has port led[5] driven by constant 0
---------------------------------------------------------------------------------
Finished Cross Boundary and Area Optimization : Time (s): cpu = 00:00:24 ; elapsed = 00:00:25 . Memory (MB): peak = 1470.676 ; gain = 733.316
---------------------------------------------------------------------------------
---------------------------------------------------------------------------------
Start ROM, RAM, DSP, Shift Register and Retiming Reporting
---------------------------------------------------------------------------------

ROM: Preliminary Mapping Report
+------------+--------------+---------------+----------------+
|Module Name | RTL Object   | Depth x Width | Implemented As | 
+------------+--------------+---------------+----------------+
|top_module  | stimulus_mem | 32x26         | LUT            | 
|top_module  | p_0_out      | 32x26         | LUT            | 
+------------+--------------+---------------+----------------+

---------------------------------------------------------------------------------
Finished ROM, RAM, DSP, Shift Register and Retiming Reporting
---------------------------------------------------------------------------------
---------------------------------------------------------------------------------
Start Applying XDC Timing Constraints
---------------------------------------------------------------------------------
---------------------------------------------------------------------------------
Finished Applying XDC Timing Constraints : Time (s): cpu = 00:00:31 ; elapsed = 00:00:32 . Memory (MB): peak = 1603.094 ; gain = 865.734
---------------------------------------------------------------------------------
---------------------------------------------------------------------------------
Start Timing Optimization
---------------------------------------------------------------------------------
---------------------------------------------------------------------------------
Finished Timing Optimization : Time (s): cpu = 00:00:31 ; elapsed = 00:00:32 . Memory (MB): peak = 1624.602 ; gain = 887.242
---------------------------------------------------------------------------------
---------------------------------------------------------------------------------
Start Technology Mapping
---------------------------------------------------------------------------------
---------------------------------------------------------------------------------
Finished Technology Mapping : Time (s): cpu = 00:00:31 ; elapsed = 00:00:32 . Memory (MB): peak = 1624.602 ; gain = 887.242
---------------------------------------------------------------------------------
---------------------------------------------------------------------------------
Start IO Insertion
---------------------------------------------------------------------------------
---------------------------------------------------------------------------------
Start Flattening Before IO Insertion
---------------------------------------------------------------------------------
---------------------------------------------------------------------------------
Finished Flattening Before IO Insertion
---------------------------------------------------------------------------------
---------------------------------------------------------------------------------
Start Final Netlist Cleanup
---------------------------------------------------------------------------------
---------------------------------------------------------------------------------
Finished Final Netlist Cleanup
---------------------------------------------------------------------------------
---------------------------------------------------------------------------------
Finished IO Insertion : Time (s): cpu = 00:00:37 ; elapsed = 00:00:38 . Memory (MB): peak = 1863.488 ; gain = 1126.129
---------------------------------------------------------------------------------
---------------------------------------------------------------------------------
Start Renaming Generated Instances
---------------------------------------------------------------------------------
---------------------------------------------------------------------------------
Finished Renaming Generated Instances : Time (s): cpu = 00:00:37 ; elapsed = 00:00:38 . Memory (MB): peak = 1863.488 ; gain = 1126.129
---------------------------------------------------------------------------------
---------------------------------------------------------------------------------
Start Rebuilding User Hierarchy
---------------------------------------------------------------------------------
---------------------------------------------------------------------------------
Finished Rebuilding User Hierarchy : Time (s): cpu = 00:00:37 ; elapsed = 00:00:38 . Memory (MB): peak = 1863.488 ; gain = 1126.129
---------------------------------------------------------------------------------
---------------------------------------------------------------------------------
Start Renaming Generated Ports
---------------------------------------------------------------------------------
---------------------------------------------------------------------------------
Finished Renaming Generated Ports : Time (s): cpu = 00:00:37 ; elapsed = 00:00:38 . Memory (MB): peak = 1863.488 ; gain = 1126.129
---------------------------------------------------------------------------------
---------------------------------------------------------------------------------
Start Handling Custom Attributes
---------------------------------------------------------------------------------
---------------------------------------------------------------------------------
Finished Handling Custom Attributes : Time (s): cpu = 00:00:37 ; elapsed = 00:00:38 . Memory (MB): peak = 1863.488 ; gain = 1126.129
---------------------------------------------------------------------------------
---------------------------------------------------------------------------------
Start Renaming Generated Nets
---------------------------------------------------------------------------------
---------------------------------------------------------------------------------
Finished Renaming Generated Nets : Time (s): cpu = 00:00:37 ; elapsed = 00:00:38 . Memory (MB): peak = 1863.488 ; gain = 1126.129
---------------------------------------------------------------------------------
---------------------------------------------------------------------------------
Start Writing Synthesis Report
---------------------------------------------------------------------------------

Report BlackBoxes: 
+-+--------------+----------+
| |BlackBox name |Instances |
+-+--------------+----------+
+-+--------------+----------+

Report Cell Usage: 
+------+-------+------+
|      |Cell   |Count |
+------+-------+------+
|1     |BUFG   |     1|
|2     |CARRY4 |     7|
|3     |LUT1   |     1|
|4     |LUT3   |     5|
|5     |LUT4   |    32|
|6     |LUT5   |     9|
|7     |LUT6   |     4|
|8     |FDCE   |    41|
|9     |IBUF   |     2|
|10    |OBUF   |    16|
+------+-------+------+
---------------------------------------------------------------------------------
Finished Writing Synthesis Report : Time (s): cpu = 00:00:37 ; elapsed = 00:00:38 . Memory (MB): peak = 1863.488 ; gain = 1126.129
---------------------------------------------------------------------------------
Synthesis finished with 0 errors, 0 critical warnings and 11 warnings.
Synthesis Optimization Runtime : Time (s): cpu = 00:00:25 ; elapsed = 00:00:36 . Memory (MB): peak = 1863.488 ; gain = 1054.969
Synthesis Optimization Complete : Time (s): cpu = 00:00:37 ; elapsed = 00:00:38 . Memory (MB): peak = 1863.488 ; gain = 1126.129
INFO: [Project 1-571] Translating synthesized netlist
Netlist sorting complete. Time (s): cpu = 00:00:00 ; elapsed = 00:00:00.001 . Memory (MB): peak = 1872.668 ; gain = 0.000
INFO: [Netlist 29-17] Analyzing 7 Unisim elements for replacement
INFO: [Netlist 29-28] Unisim Transformation completed in 0 CPU seconds
INFO: [Project 1-570] Preparing netlist for logic optimization
INFO: [Opt 31-138] Pushed 0 inverter(s) to 0 load pin(s).
Netlist sorting complete. Time (s): cpu = 00:00:00 ; elapsed = 00:00:00 . Memory (MB): peak = 1876.332 ; gain = 0.000
INFO: [Project 1-111] Unisim Transformation Summary:
No Unisim elements were transformed.

Synth Design complete | Checksum: dfd1dab5
INFO: [Common 17-83] Releasing license: Synthesis
39 Infos, 34 Warnings, 0 Critical Warnings and 0 Errors encountered.
synth_design completed successfully
synth_design: Time (s): cpu = 00:00:42 ; elapsed = 00:00:46 . Memory (MB): peak = 1876.332 ; gain = 1340.641
Write ShapeDB Complete: Time (s): cpu = 00:00:00 ; elapsed = 00:00:00.004 . Memory (MB): peak = 1876.332 ; gain = 0.000
INFO: [Common 17-1381] The checkpoint 'D:/Documents/SEM 2/HWLAB_TA/EX_Pipeline_stage/EX_Pipeline_stage.runs/synth_1/top_module.dcp' has been generated.
INFO: [Vivado 12-24828] Executing command : report_utilization -file top_module_utilization_synth.rpt -pb top_module_utilization_synth.pb
INFO: [Common 17-206] Exiting Vivado at Fri Feb  6 16:57:44 2026...
